{
    "timestamp": "2026-02-10 13:51:43",
    "ip": "::1",
    "user_agent": "Mozilla\/5.0 (Windows NT 10.0; Win64; x64) AppleWebKit\/537.36 (KHTML, like Gecko) Chrome\/144.0.0.0 Safari\/537.36",
    "post_data": {
        "name": "Gurusheth R",
        "phone": "9629900493",
        "email": "gururl@aparajayah.com",
        "location": "Madurai",
        "message": "This message is to enquiry the Building structures ",
        "contactMethod": "whatsapp",
        "contactTime": "morning",
        "cf-turnstile-response": "0.g1PABzgcuT9P8WaiXBsL1X3_JGhI6yX8wm7f0ZAUt_eMtyIfhuXy_eoGxhGb_nek97MZtZlpuoKKx0G9T8-FnwIr20chij8jjfXox6zIm60dMcVznGujZDAkNz9A2rm-QMiDgrEKNgzllNmIIE4DC-9jlbmerdTBeQXGso3AbVevQvnXFtKt3ISvwlmbfKS-qCk7hiEN5UmVe5_Y8UQQCmVBfHee_aX4irFQ0lgbR6gHM8tHHJzRLKr-qCeyMCdIufY6MEFL77zf8o-05TxH-fjSfAB0nmjzrUZQnLugDvUuRiztfIjf52vJvazor1OTvmPFy7oDrFhGM9vexuFcNvZurmNzzKl-FYU2xFkDgj4Mc6rei3hti99gIHaLUapVyeRpgEdgAblOKMyCC-BPsnsybIl06cRJLNLWlb5QHZL65luz3yTtT-pMHVe49s2yUKXG1e64BBkUwy-CDNfnSdzWZXsVu3-38GlbVJezEaXiD9qQ42KZlzQi1MxX95lcHFIHJtSjtIsVNftuDVjUAqucwaRYtB-imhlgEiTiP6CoSWKVDsHoOEWIO7m0KJ1piJSEnp8TGox2Pz9r9qmV0YUsFY0t79Ve1gjsQ00dPI78ibqhanpVgtAVXeM55j3k6AqLsgAVFg2sY_4HGp2DUyPq9dK6Tf5iUcCTa2_uwQuUDsa_mWU7iZQ1hz6Ux5QMjiMeF3yZWAxq9sElhTbC3JdoL_oAOPbhE7sAOBQ68uUoBMfIS76TghmXuduINnYLr0iRy30adY7bVngMTt5VvfOxfxb3UbHsQm1NqRb-4VY4iOg7jVizTceOccNYfAEHo1zNXGbg5tuwPrWY-irUYAi09Rzr8BaBozV3Az_r-qe02oCV9QUKu6iqhZSFHxCBZRiaaE8r8w2XMVGNDrOOpC3DM5SwsUOk7n8SJIYUHvg.2alOBxd6L6DjbHfpbCrHcQ.c5512792ff279a3e34debd5350c3e9c3a1c5f2f828970de6567bdbeb84f6e9c5"
    }
}

{
    "timestamp": "2026-02-10 13:51:43",
    "ip": "::1",
    "user_agent": "Mozilla\/5.0 (Windows NT 10.0; Win64; x64) AppleWebKit\/537.36 (KHTML, like Gecko) Chrome\/144.0.0.0 Safari\/537.36",
    "post_data": {
        "name": "Gurusheth R",
        "phone": "9629900493",
        "email": "gururl@aparajayah.com",
        "location": "Madurai",
        "message": "This message is to enquiry the Building structures ",
        "contactMethod": "whatsapp",
        "contactTime": "morning",
        "cf-turnstile-response": "0.g1PABzgcuT9P8WaiXBsL1X3_JGhI6yX8wm7f0ZAUt_eMtyIfhuXy_eoGxhGb_nek97MZtZlpuoKKx0G9T8-FnwIr20chij8jjfXox6zIm60dMcVznGujZDAkNz9A2rm-QMiDgrEKNgzllNmIIE4DC-9jlbmerdTBeQXGso3AbVevQvnXFtKt3ISvwlmbfKS-qCk7hiEN5UmVe5_Y8UQQCmVBfHee_aX4irFQ0lgbR6gHM8tHHJzRLKr-qCeyMCdIufY6MEFL77zf8o-05TxH-fjSfAB0nmjzrUZQnLugDvUuRiztfIjf52vJvazor1OTvmPFy7oDrFhGM9vexuFcNvZurmNzzKl-FYU2xFkDgj4Mc6rei3hti99gIHaLUapVyeRpgEdgAblOKMyCC-BPsnsybIl06cRJLNLWlb5QHZL65luz3yTtT-pMHVe49s2yUKXG1e64BBkUwy-CDNfnSdzWZXsVu3-38GlbVJezEaXiD9qQ42KZlzQi1MxX95lcHFIHJtSjtIsVNftuDVjUAqucwaRYtB-imhlgEiTiP6CoSWKVDsHoOEWIO7m0KJ1piJSEnp8TGox2Pz9r9qmV0YUsFY0t79Ve1gjsQ00dPI78ibqhanpVgtAVXeM55j3k6AqLsgAVFg2sY_4HGp2DUyPq9dK6Tf5iUcCTa2_uwQuUDsa_mWU7iZQ1hz6Ux5QMjiMeF3yZWAxq9sElhTbC3JdoL_oAOPbhE7sAOBQ68uUoBMfIS76TghmXuduINnYLr0iRy30adY7bVngMTt5VvfOxfxb3UbHsQm1NqRb-4VY4iOg7jVizTceOccNYfAEHo1zNXGbg5tuwPrWY-irUYAi09Rzr8BaBozV3Az_r-qe02oCV9QUKu6iqhZSFHxCBZRiaaE8r8w2XMVGNDrOOpC3DM5SwsUOk7n8SJIYUHvg.2alOBxd6L6DjbHfpbCrHcQ.c5512792ff279a3e34debd5350c3e9c3a1c5f2f828970de6567bdbeb84f6e9c5"
    }
}

