[2026-02-09 13:15:35] [INFO] New enquiry received - Ref: ENQ20260209131535618, Name: Dark Theme, Email: gururl@aparajayah.com
[2026-02-09 13:15:38] [ERROR] PHPMailer Error for info@epicarconstruction.com: SMTP Error: Could not authenticate.
[2026-02-09 13:15:38] [INFO] Trying PHP mail() fallback for: info@epicarconstruction.com
[2026-02-09 13:15:40] [ERROR] PHP mail() failed for: info@epicarconstruction.com
[2026-02-09 13:15:40] [INFO] Admin email sent: FAILED
[2026-02-09 13:15:43] [ERROR] PHPMailer Error for gururl@aparajayah.com: SMTP Error: Could not authenticate.
[2026-02-09 13:15:43] [INFO] Trying PHP mail() fallback for: gururl@aparajayah.com
[2026-02-09 13:15:45] [ERROR] PHP mail() failed for: gururl@aparajayah.com
[2026-02-09 13:15:45] [INFO] Customer email sent: FAILED
[2026-02-09 13:17:30] [INFO] New enquiry received - Ref: ENQ20260209131730194, Name: Dark Theme, Email: gururl@aparajayah.com
[2026-02-09 13:17:34] [ERROR] PHPMailer Error for info@epicarconstruction.com: SMTP Error: Could not authenticate.
[2026-02-09 13:17:34] [INFO] Trying PHP mail() fallback for: info@epicarconstruction.com
[2026-02-09 13:17:36] [ERROR] PHP mail() failed for: info@epicarconstruction.com
[2026-02-09 13:17:36] [INFO] Admin email sent: FAILED
[2026-02-09 13:17:39] [ERROR] PHPMailer Error for gururl@aparajayah.com: SMTP Error: Could not authenticate.
[2026-02-09 13:17:39] [INFO] Trying PHP mail() fallback for: gururl@aparajayah.com
[2026-02-09 13:17:41] [ERROR] PHP mail() failed for: gururl@aparajayah.com
[2026-02-09 13:17:41] [INFO] Customer email sent: FAILED
[2026-02-09 13:26:50] [INFO] New enquiry received - Ref: ENQ20260209132650261, Name: Dark Theme, Email: gururl@aparajayah.com
[2026-02-09 13:26:53] [ERROR] PHPMailer Error for info@epicarconstruction.com: SMTP Error: Could not authenticate.
[2026-02-09 13:26:53] [INFO] Trying PHP mail() fallback for: info@epicarconstruction.com
[2026-02-09 13:26:55] [ERROR] PHP mail() failed for: info@epicarconstruction.com
[2026-02-09 13:26:55] [INFO] Admin email sent: FAILED
[2026-02-09 13:26:57] [ERROR] PHPMailer Error for gururl@aparajayah.com: SMTP Error: Could not authenticate.
[2026-02-09 13:26:57] [INFO] Trying PHP mail() fallback for: gururl@aparajayah.com
[2026-02-09 13:26:59] [ERROR] PHP mail() failed for: gururl@aparajayah.com
[2026-02-09 13:26:59] [INFO] Customer email sent: FAILED
[2026-02-09 13:32:09] [INFO] New enquiry received - Ref: ENQ20260209133209407, Name: Dark Theme, Email: gururl@aparajayah.com
[2026-02-09 13:32:14] [SUCCESS] Email sent successfully to: info@epicarconstruction.com
[2026-02-09 13:32:14] [INFO] Admin email sent: SUCCESS
[2026-02-09 13:32:18] [SUCCESS] Email sent successfully to: gururl@aparajayah.com
[2026-02-09 13:32:18] [INFO] Customer email sent: SUCCESS
[2026-02-09 13:59:22] [INFO] New enquiry received - Ref: ENQ20260209135922208, Name: Gururl, Email: gururl@aparajayah.com
[2026-02-09 13:59:27] [SUCCESS] Email sent successfully to: info@epicarconstruction.com
[2026-02-09 13:59:27] [INFO] Admin email sent: SUCCESS
[2026-02-09 13:59:32] [SUCCESS] Email sent successfully to: gururl@aparajayah.com
[2026-02-09 13:59:32] [INFO] Customer email sent: SUCCESS
